// Jest Snapshot v1, https://goo.gl/fbAQLP

exports[`Product Component Product Component Renders correctly 1`] = `
mountProduct {
  "context": undefined,
  "props": Object {},
  "refs": Object {},
  "state": Object {},
  "updater": Object {
    "enqueueForceUpdate": [Function],
    "enqueueReplaceState": [Function],
    "enqueueSetState": [Function],
    "isMounted": [Function],
  },
}
`;
